# hmmscan :: search sequence(s) against a profile database
# HMMER 3.0 (March 2010); http://hmmer.org/
# Copyright (C) 2010 Howard Hughes Medical Institute.
# Freely distributed under the GNU General Public License (GPLv3).
# - - - - - - - - - - - - - - - - - - - - - - - - - - - - - - - - - - - -
# query sequence file:             test.seq
# target HMM database:             hmmlib_1.75
# output directed to file:         test.out
# profile reporting threshold:     E-value <= 10
# sequence search space set to:    15438
# - - - - - - - - - - - - - - - - - - - - - - - - - - - - - - - - - - - -

Query:       Q2HPE8  [L=460]
Scores for complete sequence (score includes all domains):
   --- full sequence ---   --- best 1 domain ---    -#dom-
    E-value  score  bias    E-value  score  bias    exp  N  Model    Description
    ------- ------ -----    ------- ------ -----   ---- --  -------- -----------
      1e-44  152.7  35.7    2.4e-44  151.5  24.8    1.4  1  0037432  Family A G protein-coupled receptor-like


Domain annotation for each model (and alignments):
>> 0037432  Family A G protein-coupled receptor-like
   #    score  bias  c-Evalue  i-Evalue hmmfrom  hmm to    alifrom  ali to    envfrom  env to     acc
 ---   ------ ----- --------- --------- ------- -------    ------- -------    ------- -------    ----
   1 !  151.5  24.8   1.5e-48   2.4e-44      37     340 ..      39     411 ..      19     416 .. 0.87

  Alignments for each domain:
  == domain 1    score: 151.5 bits;  conditional E-value: 1.5e-48
  0037432  37 qlllfvlyllifllgllgNllvllvilrkkklrtpmnffllnLalaDllvlltlpplmlvnlllgrwpfgfalCklqgflfllfgyasiflltaiavdRyla 138
                l f+++ l+ ++g +gN+l +lv++ +k ++ ++ ++l+ L ++D ++l+ l++++ ++++  + +    +C+l+++   +++++s++  +a +++R+++
   Q2HPE8  39 NFLNFYYMPLLVVVGSIGNILSVLVFFNTKLKKLSSSYYLAALGISDTCYLVGLFVTW-LSFFQVHIYTREPYCQLFTYTSGVSSFLSVWYVVAFTFERFIV 139
              5677999**************************************************9.9999999999********************************* PP

  0037432 139 ichPlryrr.mtprralllilliWllslllslpplllpf.cysneinhtfCdldklscsdtslnelyvlllfvllfllplliilvsYililrtlrrhakrir 238
              + +Pl+ ++ +t rra+ +i++  +++ ++s+p++++ +  ys   n+t+Cd+ k     ts +e+++++ +v++f++p++ii+v+++ + +t++r a  +r
   Q2HPE8 140 VRYPLKRQSwCTVRRAKTIIACLTMVGSVHSVPYIFYAGtQYSERSNVTICDMRKE---YTSQMEIFNYIDTVIVFVVPFTIIVVLNSVTSFTVWRFAGLRR 238
              ************************************88889999**********99...*************************************887555 PP

  0037432 239 sssgrrk......................................................................aeskatkhllvvvlvfllcwlPyhi 270
              +++  ++                                                                      +++k+tk+ll+v+ vf+++ lP ++
   Q2HPE8 239 NMTLPKRkpsnleirrqlsfqyfsthpngrngilrrssmsmkdrnffinitlfalftlslrydrllyrtagenrmlhSQMKVTKMLLIVSSVFVCLNLPSYV 340
              422222233555555556666666666666666666666666666666666666666666666666666666666658************************ PP

  0037432 271 llllvylcps.slslpllflislllaylnsclnPiiYallnkefrkalkkllcckksrrksesssssvsts 340
              +++  ++    s+++ l+ ++++l++++n  +n+i+Y++ +++frka+++++++ +++r +++++s + t+
   Q2HPE8 341 MRVRAFVETGhSYLTILVQYYCYLFFITNFGINFILYCISGQNFRKAVIEMFRRHRKSRVNQEPNSGCGTQ 411
              *******88889*********************************************99999998887765 PP



Internal pipeline statistics summary:
-------------------------------------
Query sequence(s):                         1  (460 residues)
Target model(s):                       15438  (2695333 nodes)
Passed MSV filter:                       573  (0.0371162); expected 308.8 (0.02)
Passed bias filter:                      573  (0.0371162); expected 308.8 (0.02)
Passed Vit filter:                       101  (0.0065423); expected 15.4 (0.001)
Passed Fwd filter:                        13  (0.000842078); expected 0.2 (1e-05)
Initial search space (Z):              15438  [as set by --Z on cmdline]
Domain search space  (domZ):               1  [number of targets reported over threshold]
# CPU time: 0.77u 0.32s 00:00:01.09 Elapsed: 00:00:00.43
# Mc/sec: 2883.38
//
